; ModuleID = '0x101__M'
source_filename = "/language/tools/move-mv-llvm-compiler/tests/dwarf-tests/dwarf-struct-2-modules.move"
target datalayout = "e-m:e-p:64:64-i64:64-n32:64-S128"
target triple = "sbf-solana-solana"

%struct.M__MyStruct = type { i32, i1, %struct.M__EmptyStruct, i8, %struct.M__Combined }
%struct.M__EmptyStruct = type { i1 }
%struct.M__Combined = type { i1, %struct.M__U64Struct }
%struct.M__U64Struct = type { i64 }

declare i32 @memcmp(ptr, ptr, i64)

define %struct.M__MyStruct @"0000000000000101_M_fun_1_AcLtMspYikxikv"() !dbg !2 {
entry:
  %local_0__field1_u32 = alloca i32, align 4
  %local_1__field2_bool = alloca i1, align 1
  %local_2__dummy_field = alloca i1, align 1
  %local_3__field3_empty = alloca %struct.M__EmptyStruct, align 8
  %local_4__field4_u8 = alloca i8, align 1
  %local_5__field_combined_bool = alloca i1, align 1
  %local_6__field_u64 = alloca i64, align 8
  %local_7__field_combined_u64_struct = alloca %struct.M__U64Struct, align 8
  %local_8__field6_combined = alloca %struct.M__Combined, align 8
  %local_9 = alloca %struct.M__MyStruct, align 8
  store i32 15, ptr %local_0__field1_u32, align 4
  store i1 true, ptr %local_1__field2_bool, align 1
  store i1 false, ptr %local_2__dummy_field, align 1
  %fv.0 = load i1, ptr %local_2__dummy_field, align 1
  %insert_0 = insertvalue %struct.M__EmptyStruct undef, i1 %fv.0, 0
  store %struct.M__EmptyStruct %insert_0, ptr %local_3__field3_empty, align 1
  store i8 7, ptr %local_4__field4_u8, align 1
  store i1 false, ptr %local_5__field_combined_bool, align 1
  store i64 1, ptr %local_6__field_u64, align 8
  %fv.01 = load i64, ptr %local_6__field_u64, align 8
  %insert_02 = insertvalue %struct.M__U64Struct undef, i64 %fv.01, 0
  store %struct.M__U64Struct %insert_02, ptr %local_7__field_combined_u64_struct, align 8
  %fv.03 = load i1, ptr %local_5__field_combined_bool, align 1
  %fv.1 = load %struct.M__U64Struct, ptr %local_7__field_combined_u64_struct, align 8
  %insert_04 = insertvalue %struct.M__Combined undef, i1 %fv.03, 0
  %insert_1 = insertvalue %struct.M__Combined %insert_04, %struct.M__U64Struct %fv.1, 1
  store %struct.M__Combined %insert_1, ptr %local_8__field6_combined, align 8
  %fv.05 = load i32, ptr %local_0__field1_u32, align 4
  %fv.16 = load i1, ptr %local_1__field2_bool, align 1
  %fv.2 = load %struct.M__EmptyStruct, ptr %local_3__field3_empty, align 1
  %fv.3 = load i8, ptr %local_4__field4_u8, align 1
  %fv.4 = load %struct.M__Combined, ptr %local_8__field6_combined, align 8
  %insert_07 = insertvalue %struct.M__MyStruct undef, i32 %fv.05, 0
  %insert_18 = insertvalue %struct.M__MyStruct %insert_07, i1 %fv.16, 1
  %insert_2 = insertvalue %struct.M__MyStruct %insert_18, %struct.M__EmptyStruct %fv.2, 2
  %insert_3 = insertvalue %struct.M__MyStruct %insert_2, i8 %fv.3, 3
  %insert_4 = insertvalue %struct.M__MyStruct %insert_3, %struct.M__Combined %fv.4, 4
  store %struct.M__MyStruct %insert_4, ptr %local_9, align 8
  %retval = load %struct.M__MyStruct, ptr %local_9, align 8
  ret %struct.M__MyStruct %retval
}

!llvm.dbg.cu = !{!0}
!fun_1 = !{!2, !5, !6, !7}
!struct.M__EmptyStruct = !{!8}
!struct.M__U64Struct = !{!14}
!struct.M__Combined = !{!20}
!struct.M__MyStruct = !{!26}

!0 = distinct !DICompileUnit(language: DW_LANG_Rust, file: !1, producer: "move-mv-llvm-compiler", isOptimized: false, runtimeVersion: 0, emissionKind: FullDebug, splitDebugInlining: false, sysroot: "/")
!1 = !DIFile(filename: "dwarf-struct-2-modules.move", directory: "/language/tools/move-mv-llvm-compiler/tests/dwarf-tests")
!2 = distinct !DISubprogram(name: "fun_1", linkageName: "fun_1", scope: !1, file: !1, line: 33, type: !3, spFlags: DISPFlagLocalToUnit | DISPFlagDefinition, unit: !0)
!3 = !DISubroutineType(types: !4)
!4 = !{}
!5 = distinct !DILexicalBlock(scope: !2, file: !1, line: 5)
!6 = !DINamespace(name: "fun_1", scope: !1)
!7 = !DILocation(line: 33, column: 4, scope: !5)
!8 = !DIDerivedType(tag: DW_TAG_pointer_type, name: "struct.M__EmptyStruct__ptr", baseType: !9, size: 64, align: 64, dwarfAddressSpace: 0)
!9 = !DICompositeType(tag: DW_TAG_structure_type, name: "struct.M__EmptyStruct", scope: !10, file: !1, line: 27, size: 8, align: 8, flags: DIFlagObjcClassComplete, elements: !11)
!10 = !DINamespace(name: "struct.M__EmptyStruct", scope: !1)
!11 = !{!12}
!12 = !DIDerivedType(tag: DW_TAG_member, name: "dummy_field", scope: !10, file: !1, line: 27, baseType: !13, size: 1, align: 8)
!13 = !DIBasicType(name: "bool", size: 8)
!14 = !DIDerivedType(tag: DW_TAG_pointer_type, name: "struct.M__U64Struct__ptr", baseType: !15, size: 64, align: 64, dwarfAddressSpace: 0)
!15 = !DICompositeType(tag: DW_TAG_structure_type, name: "struct.M__U64Struct", scope: !16, file: !1, line: 29, size: 64, align: 8, flags: DIFlagObjcClassComplete, elements: !17)
!16 = !DINamespace(name: "struct.M__U64Struct", scope: !1)
!17 = !{!18}
!18 = !DIDerivedType(tag: DW_TAG_member, name: "field_u64", scope: !16, file: !1, line: 29, baseType: !19, size: 64, align: 64)
!19 = !DIBasicType(name: "u64", size: 64)
!20 = !DIDerivedType(tag: DW_TAG_pointer_type, name: "struct.M__Combined__ptr", baseType: !21, size: 64, align: 64, dwarfAddressSpace: 0)
!21 = !DICompositeType(tag: DW_TAG_structure_type, name: "struct.M__Combined", scope: !22, file: !1, line: 31, size: 128, align: 8, flags: DIFlagObjcClassComplete, elements: !23)
!22 = !DINamespace(name: "struct.M__Combined", scope: !1)
!23 = !{!24, !25}
!24 = !DIDerivedType(tag: DW_TAG_member, name: "field_combined_bool", scope: !22, file: !1, line: 31, baseType: !13, size: 1, align: 8)
!25 = !DIDerivedType(tag: DW_TAG_member, name: "field_combined_u64_struct", scope: !22, file: !1, line: 32, baseType: !15, size: 64, align: 64, offset: 8)
!26 = !DIDerivedType(tag: DW_TAG_pointer_type, name: "struct.M__MyStruct__ptr", baseType: !27, size: 64, align: 64, dwarfAddressSpace: 0)
!27 = !DICompositeType(tag: DW_TAG_structure_type, name: "struct.M__MyStruct", scope: !28, file: !1, line: 19, size: 192, align: 8, flags: DIFlagObjcClassComplete, elements: !29)
!28 = !DINamespace(name: "struct.M__MyStruct", scope: !1)
!29 = !{!30, !32, !33, !34, !36}
!30 = !DIDerivedType(tag: DW_TAG_member, name: "field1_u32", scope: !28, file: !1, line: 19, baseType: !31, size: 32, align: 32)
!31 = !DIBasicType(name: "u32", size: 32)
!32 = !DIDerivedType(tag: DW_TAG_member, name: "field2_bool", scope: !28, file: !1, line: 20, baseType: !13, size: 1, align: 8, offset: 32)
!33 = !DIDerivedType(tag: DW_TAG_member, name: "field3_empty", scope: !28, file: !1, line: 21, baseType: !9, size: 8, align: 8, offset: 40)
!34 = !DIDerivedType(tag: DW_TAG_member, name: "field4_u8", scope: !28, file: !1, line: 22, baseType: !35, size: 8, align: 8, offset: 48)
!35 = !DIBasicType(name: "u8", size: 8)
!36 = !DIDerivedType(tag: DW_TAG_member, name: "field6_combined", scope: !28, file: !1, line: 23, baseType: !21, size: 128, align: 64, offset: 56)
