; ModuleID = '0xcafe__BasicCoin'
source_filename = "/language/tools/move-mv-llvm-compiler/tests/dwarf-tests/basic-coin.move"
target datalayout = "e-m:e-p:64:64-i64:64-n32:64-S128"
target triple = "sbf-solana-solana"

declare i32 @memcmp(ptr, ptr, i64)

!llvm.dbg.cu = !{!0}

!0 = distinct !DICompileUnit(language: DW_LANG_Rust, file: !1, producer: "move-mv-llvm-compiler", isOptimized: false, runtimeVersion: 0, emissionKind: FullDebug, splitDebugInlining: false, sysroot: "/")
!1 = !DIFile(filename: "basic-coin.move", directory: "/language/tools/move-mv-llvm-compiler/tests/dwarf-tests")
